###############################################################################
#
# IAR ELF Linker V8.40.2.214/W32 for ARM                  05/May/2020  20:39:06
# Copyright 2007-2019 IAR Systems AB.
#
#    Output file  =
#        D:\PROJECTS_IAR\TestVector\EWARM\TestVector\Exe\TestVector.out
#    Map file     =
#        D:\PROJECTS_IAR\TestVector\EWARM\TestVector\List\TestVector.map
#    Command line =
#        -f C:\Users\User\AppData\Local\Temp\EWC64E.tmp
#        (D:\PROJECTS_IAR\TestVector\EWARM\TestVector\Obj\main.o
#        D:\PROJECTS_IAR\TestVector\EWARM\TestVector\Obj\protocolVector.o
#        D:\PROJECTS_IAR\TestVector\EWARM\TestVector\Obj\startup_stm32f103xb.o
#        D:\PROJECTS_IAR\TestVector\EWARM\TestVector\Obj\stm32f1xx_hal.o
#        D:\PROJECTS_IAR\TestVector\EWARM\TestVector\Obj\stm32f1xx_hal_cortex.o
#        D:\PROJECTS_IAR\TestVector\EWARM\TestVector\Obj\stm32f1xx_hal_crc.o
#        D:\PROJECTS_IAR\TestVector\EWARM\TestVector\Obj\stm32f1xx_hal_dma.o
#        D:\PROJECTS_IAR\TestVector\EWARM\TestVector\Obj\stm32f1xx_hal_exti.o
#        D:\PROJECTS_IAR\TestVector\EWARM\TestVector\Obj\stm32f1xx_hal_flash.o
#        D:\PROJECTS_IAR\TestVector\EWARM\TestVector\Obj\stm32f1xx_hal_flash_ex.o
#        D:\PROJECTS_IAR\TestVector\EWARM\TestVector\Obj\stm32f1xx_hal_gpio.o
#        D:\PROJECTS_IAR\TestVector\EWARM\TestVector\Obj\stm32f1xx_hal_gpio_ex.o
#        D:\PROJECTS_IAR\TestVector\EWARM\TestVector\Obj\stm32f1xx_hal_msp.o
#        D:\PROJECTS_IAR\TestVector\EWARM\TestVector\Obj\stm32f1xx_hal_pcd.o
#        D:\PROJECTS_IAR\TestVector\EWARM\TestVector\Obj\stm32f1xx_hal_pcd_ex.o
#        D:\PROJECTS_IAR\TestVector\EWARM\TestVector\Obj\stm32f1xx_hal_pwr.o
#        D:\PROJECTS_IAR\TestVector\EWARM\TestVector\Obj\stm32f1xx_hal_rcc.o
#        D:\PROJECTS_IAR\TestVector\EWARM\TestVector\Obj\stm32f1xx_hal_rcc_ex.o
#        D:\PROJECTS_IAR\TestVector\EWARM\TestVector\Obj\stm32f1xx_hal_tim.o
#        D:\PROJECTS_IAR\TestVector\EWARM\TestVector\Obj\stm32f1xx_hal_tim_ex.o
#        D:\PROJECTS_IAR\TestVector\EWARM\TestVector\Obj\stm32f1xx_it.o
#        D:\PROJECTS_IAR\TestVector\EWARM\TestVector\Obj\stm32f1xx_ll_usb.o
#        D:\PROJECTS_IAR\TestVector\EWARM\TestVector\Obj\system_stm32f1xx.o
#        D:\PROJECTS_IAR\TestVector\EWARM\TestVector\Obj\usb_device.o
#        D:\PROJECTS_IAR\TestVector\EWARM\TestVector\Obj\usbd_cdc.o
#        D:\PROJECTS_IAR\TestVector\EWARM\TestVector\Obj\usbd_cdc_if.o
#        D:\PROJECTS_IAR\TestVector\EWARM\TestVector\Obj\usbd_conf.o
#        D:\PROJECTS_IAR\TestVector\EWARM\TestVector\Obj\usbd_core.o
#        D:\PROJECTS_IAR\TestVector\EWARM\TestVector\Obj\usbd_ctlreq.o
#        D:\PROJECTS_IAR\TestVector\EWARM\TestVector\Obj\usbd_desc.o
#        D:\PROJECTS_IAR\TestVector\EWARM\TestVector\Obj\usbd_ioreq.o
#        --redirect _Printf=_PrintfFull --redirect _Scanf=_ScanfFull
#        --no_out_extension -o
#        D:\PROJECTS_IAR\TestVector\EWARM\TestVector\Exe\TestVector.out --map
#        D:\PROJECTS_IAR\TestVector\EWARM\TestVector\List\TestVector.map
#        --config D:\PROJECTS_IAR\TestVector\EWARM/stm32f103xb_flash.icf
#        --semihosting --entry __iar_program_start --vfe --text_out locale)
#
###############################################################################

*******************************************************************************
*** RUNTIME MODEL ATTRIBUTES
***

CppFlavor       = *
__SystemLibrary = DLib
__dlib_version  = 6


*******************************************************************************
*** HEAP SELECTION
***

The basic heap was selected because some modules are built with
size limitations (and not runtime checking), and --advanced_heap
was not specified.


*******************************************************************************
*** PLACEMENT SUMMARY
***

"A0":  place at address 0x800'0000 { ro section .intvec };
"P1":  place in [from 0x800'0000 to 0x801'ffff] { ro };
define block CSTACK with size = 1K, alignment = 8 { };
define block HEAP with size = 512, alignment = 8 { };
"P2":  place in [from 0x2000'0000 to 0x2000'4fff] {
          rw, block CSTACK, block HEAP };
initialize by copy { rw };

  Section            Kind         Address    Size  Object
  -------            ----         -------    ----  ------
"A0":                                        0xec
  .intvec            ro code   0x800'0000    0xec  startup_stm32f103xb.o [1]
                             - 0x800'00ec    0xec

"P1":                                      0x4586
  .text              ro code   0x800'00ec   0xaca  stm32f1xx_ll_usb.o [1]
  .text              ro code   0x800'0bb6   0x978  stm32f1xx_hal_pcd.o [1]
  .text              ro code   0x800'152e    0x3a  zero_init3.o [3]
  .text              ro code   0x800'1568   0x35e  usbd_conf.o [1]
  .rodata            const     0x800'18c6     0x2  stm32f1xx_hal_rcc.o [1]
  .text              ro code   0x800'18c8    0xa6  ABImemcpy.o [3]
  .text              ro code   0x800'1970   0x154  stm32f1xx_hal_cortex.o [1]
  .text              ro code   0x800'1ac4   0x37e  usbd_core.o [1]
  .text              ro code   0x800'1e44   0x1d6  main.o [1]
  .text              ro code   0x800'201a    0x4c  stm32f1xx_hal_pcd_ex.o [1]
  .text              ro code   0x800'2068   0x850  usbd_ctlreq.o [1]
  .text              ro code   0x800'28b8    0xc4  usbd_ioreq.o [1]
  .text              ro code   0x800'297c    0x24  stm32f1xx_hal.o [1]
  .text              ro code   0x800'29a0    0x58  usb_device.o [1]
  .text              ro code   0x800'29f8   0x3a6  stm32f1xx_hal_tim.o [1]
  .text              ro code   0x800'2da0    0x66  ABImemset.o [3]
  .text              ro code   0x800'2e08   0x628  stm32f1xx_hal_rcc.o [1]
  .text              ro code   0x800'3430   0x12c  stm32f1xx_hal_rcc_ex.o [1]
  .text              ro code   0x800'355c    0x24  stm32f1xx_hal_crc.o [1]
  .text              ro code   0x800'3580    0x4e  stm32f1xx_hal_tim_ex.o [1]
  .text              ro code   0x800'35d0   0x294  stm32f1xx_hal_gpio.o [1]
  .text              ro code   0x800'3864    0x4c  stm32f1xx_hal.o [1]
  .text              ro code   0x800'38b0    0xa4  stm32f1xx_hal_msp.o [1]
  .text              ro code   0x800'3954   0x3f0  usbd_cdc.o [1]
  .text              ro code   0x800'3d44     0x2  stm32f1xx_hal_tim.o [1]
  .text              ro code   0x800'3d46     0x2  stm32f1xx_hal_tim.o [1]
  .text              ro code   0x800'3d48     0x2  stm32f1xx_hal_tim.o [1]
  .text              ro code   0x800'3d4a     0x2  stm32f1xx_hal_tim.o [1]
  .text              ro code   0x800'3d4c     0x2  stm32f1xx_hal_tim_ex.o [1]
  .text              ro code   0x800'3d4e     0x2  stm32f1xx_hal_tim.o [1]
  .text              ro code   0x800'3d50     0x2  stm32f1xx_hal_tim_ex.o [1]
  .text              ro code   0x800'3d54     0xc  stm32f1xx_hal.o [1]
  .text              ro code   0x800'3d60   0x240  protocolVector.o [1]
  .text              ro code   0x800'3fa0    0xb0  rand.o [2]
  .text              ro code   0x800'4050    0xbc  usbd_cdc_if.o [1]
  .text              ro code   0x800'410c   0x15e  usbd_desc.o [1]
  .text              ro code   0x800'426a    0x78  lz77_init_single.o [3]
  .text              ro code   0x800'42e4    0x58  system_stm32f1xx.o [1]
  .text              ro code   0x800'433c    0x50  stm32f1xx_it.o [1]
  .text              ro code   0x800'438c    0x18  stm32f1xx_hal.o [1]
  .rodata            const     0x800'43a4    0x40  protocolVector.o [1]
  .text              ro code   0x800'43e4    0x28  data_init.o [3]
  .iar.init_table    const     0x800'440c    0x20  - Linker created -
  .text              ro code   0x800'442c    0x1e  cmain.o [3]
  .text              ro code   0x800'444a     0x4  low_level_init.o [2]
  .text              ro code   0x800'444e     0x4  exit.o [2]
  .text              ro code   0x800'4454     0xa  cexit.o [3]
  .text              ro code   0x800'4460    0x14  exit.o [4]
  .rodata            const     0x800'4474    0x18  usbd_desc.o [1]
  .rodata            const     0x800'448c    0x14  usbd_desc.o [1]
  .rodata            const     0x800'44a0    0x10  stm32f1xx_hal_rcc.o [1]
  .rodata            const     0x800'44b0    0x10  system_stm32f1xx.o [1]
  .rodata            const     0x800'44c0    0x10  usbd_desc.o [1]
  .text              ro code   0x800'44d0    0x10  startup_stm32f103xb.o [1]
  .rodata            const     0x800'44e0     0xc  usbd_desc.o [1]
  .text              ro code   0x800'44ec     0xc  cstartup_M.o [3]
  .text              ro code   0x800'44f8     0x4  startup_stm32f103xb.o [1]
  .text              ro code   0x800'44fc     0x4  startup_stm32f103xb.o [1]
  .text              ro code   0x800'4500     0x4  startup_stm32f103xb.o [1]
  .text              ro code   0x800'4504     0x4  startup_stm32f103xb.o [1]
  .text              ro code   0x800'4508     0x4  startup_stm32f103xb.o [1]
  .text              ro code   0x800'450c     0x4  startup_stm32f103xb.o [1]
  .text              ro code   0x800'4510     0x4  startup_stm32f103xb.o [1]
  .text              ro code   0x800'4514     0x4  startup_stm32f103xb.o [1]
  .text              ro code   0x800'4518     0x4  startup_stm32f103xb.o [1]
  .text              ro code   0x800'451c     0x4  startup_stm32f103xb.o [1]
  .text              ro code   0x800'4520     0x4  startup_stm32f103xb.o [1]
  .text              ro code   0x800'4524     0x4  startup_stm32f103xb.o [1]
  .text              ro code   0x800'4528     0x4  startup_stm32f103xb.o [1]
  .text              ro code   0x800'452c     0x4  startup_stm32f103xb.o [1]
  .text              ro code   0x800'4530     0x4  startup_stm32f103xb.o [1]
  .text              ro code   0x800'4534     0x4  startup_stm32f103xb.o [1]
  .text              ro code   0x800'4538     0x4  startup_stm32f103xb.o [1]
  .text              ro code   0x800'453c     0x4  startup_stm32f103xb.o [1]
  .text              ro code   0x800'4540     0x4  startup_stm32f103xb.o [1]
  .text              ro code   0x800'4544     0x4  startup_stm32f103xb.o [1]
  .text              ro code   0x800'4548     0x4  startup_stm32f103xb.o [1]
  .text              ro code   0x800'454c     0x4  startup_stm32f103xb.o [1]
  .text              ro code   0x800'4550     0x4  startup_stm32f103xb.o [1]
  .text              ro code   0x800'4554     0x4  startup_stm32f103xb.o [1]
  .text              ro code   0x800'4558     0x4  startup_stm32f103xb.o [1]
  .text              ro code   0x800'455c     0x4  startup_stm32f103xb.o [1]
  .text              ro code   0x800'4560     0x4  startup_stm32f103xb.o [1]
  .text              ro code   0x800'4564     0x4  startup_stm32f103xb.o [1]
  .text              ro code   0x800'4568     0x4  startup_stm32f103xb.o [1]
  .text              ro code   0x800'456c     0x4  startup_stm32f103xb.o [1]
  .text              ro code   0x800'4570     0x4  startup_stm32f103xb.o [1]
  .text              ro code   0x800'4574     0x4  startup_stm32f103xb.o [1]
  .text              ro code   0x800'4578     0x4  startup_stm32f103xb.o [1]
  .text              ro code   0x800'457c     0x4  startup_stm32f103xb.o [1]
  .text              ro code   0x800'4580     0x4  startup_stm32f103xb.o [1]
  .text              ro code   0x800'4584     0x4  startup_stm32f103xb.o [1]
  .text              ro code   0x800'4588     0x4  startup_stm32f103xb.o [1]
  .text              ro code   0x800'458c     0x4  startup_stm32f103xb.o [1]
  .text              ro code   0x800'4590     0x4  startup_stm32f103xb.o [1]
  .text              ro code   0x800'4594     0x4  startup_stm32f103xb.o [1]
  .text              ro code   0x800'4598     0x4  startup_stm32f103xb.o [1]
  .rodata            const     0x800'459c     0x0  zero_init3.o [3]
  .rodata            const     0x800'459c     0x0  lz77_init_single.o [3]
  Initializer bytes  const     0x800'459c    0xd6  <for P2-1>
                             - 0x800'4672  0x4586

"P2", part 1 of 3:                          0x181
  P2-1                        0x2000'0000   0x181  <Init block>
    .data            inited   0x2000'0000     0x4  stm32f1xx_hal.o [1]
    .data            inited   0x2000'0004     0x4  system_stm32f1xx.o [1]
    .data            inited   0x2000'0008     0xc  usbd_cdc.o [1]
    .data            inited   0x2000'0014    0x38  usbd_cdc.o [1]
    .data            inited   0x2000'004c    0x44  usbd_cdc.o [1]
    .data            inited   0x2000'0090    0x44  usbd_cdc.o [1]
    .data            inited   0x2000'00d4    0x44  usbd_cdc.o [1]
    .data            inited   0x2000'0118    0x10  usbd_cdc_if.o [1]
    .data            inited   0x2000'0128    0x1c  usbd_desc.o [1]
    .data            inited   0x2000'0144    0x14  usbd_desc.o [1]
    .data            inited   0x2000'0158     0x4  usbd_desc.o [1]
    .data            inited   0x2000'015c    0x1c  usbd_desc.o [1]
    .data            inited   0x2000'0178     0x8  rand.o [2]
    .data            inited   0x2000'0180     0x1  stm32f1xx_hal.o [1]
                            - 0x2000'0181   0x181

"P2", part 2 of 3:                         0x13c8
  .bss               zero     0x2000'0184   0x3e8  usbd_cdc_if.o [1]
  .bss               zero     0x2000'056c   0x3e8  usbd_cdc_if.o [1]
  .bss               zero     0x2000'0954   0x2c4  usb_device.o [1]
  .bss               zero     0x2000'0c18   0x26c  usbd_conf.o [1]
  .bss               zero     0x2000'0e84   0x220  usbd_conf.o [1]
  .bss               zero     0x2000'10a4   0x200  usbd_desc.o [1]
  .bss               zero     0x2000'12a4    0xf0  protocolVector.o [1]
  .bss               zero     0x2000'1394    0x84  rand.o [2]
  .bss               zero     0x2000'1418    0x78  protocolVector.o [1]
  .bss               zero     0x2000'1490    0x68  protocolVector.o [1]
  .bss               zero     0x2000'14f8    0x40  main.o [1]
  .bss               zero     0x2000'1538     0x8  main.o [1]
  .bss               zero     0x2000'1540     0x4  protocolVector.o [1]
  .bss               zero     0x2000'1544     0x4  stm32f1xx_hal.o [1]
  .bss               zero     0x2000'1548     0x1  usbd_ctlreq.o [1]
                            - 0x2000'1549  0x13c5

"P2", part 3 of 3:                          0x400
  CSTACK                      0x2000'1550   0x400  <Block>
    CSTACK           uninit   0x2000'1550   0x400  <Block tail>
                            - 0x2000'1950   0x400

Unused ranges:

         From           To      Size
         ----           --      ----
   0x800'4672   0x801'ffff  0x1'b98e
  0x2000'0181  0x2000'0183       0x3
  0x2000'154c  0x2000'154f       0x4
  0x2000'1950  0x2000'4fff    0x36b0


*******************************************************************************
*** INIT TABLE
***

          Address      Size
          -------      ----
Zero (__iar_zero_init3)
    1 destination range, total size 0x13c5:
          0x2000'0184  0x13c5

Copy/lz77 (__iar_lz77_init_single3)
    1 source range, total size 0xd6 (55% of destination):
           0x800'459c    0xd6
    1 destination range, total size 0x181:
          0x2000'0000   0x181



*******************************************************************************
*** MODULE SUMMARY
***

    Module                  ro code  ro data  rw data
    ------                  -------  -------  -------
command line/config:
    -------------------------------------------------
    Total:

D:\PROJECTS_IAR\TestVector\EWARM\TestVector\Obj: [1]
    main.o                      470                72
    protocolVector.o            576       64      468
    startup_stm32f103xb.o       416
    stm32f1xx_hal.o             148        3        9
    stm32f1xx_hal_cortex.o      340
    stm32f1xx_hal_crc.o          36
    stm32f1xx_hal_gpio.o        660
    stm32f1xx_hal_msp.o         164
    stm32f1xx_hal_pcd.o       2'424
    stm32f1xx_hal_pcd_ex.o       76
    stm32f1xx_hal_rcc.o       1'576       18
    stm32f1xx_hal_rcc_ex.o      300
    stm32f1xx_hal_tim.o         944
    stm32f1xx_hal_tim_ex.o       82
    stm32f1xx_it.o               80
    stm32f1xx_ll_usb.o        2'762
    system_stm32f1xx.o           88       18        4
    usb_device.o                 88               708
    usbd_cdc.o                1'008      151      272
    usbd_cdc_if.o               188        9    2'016
    usbd_conf.o                 862             1'164
    usbd_core.o                 894
    usbd_ctlreq.o             2'128                 1
    usbd_desc.o                 350      116      592
    usbd_ioreq.o                196
    -------------------------------------------------
    Total:                   16'856      379    5'306

dl7M_tlf.a: [2]
    exit.o                        4
    low_level_init.o              4
    rand.o                      176        5      140
    -------------------------------------------------
    Total:                      184        5      140

rt7M_tl.a: [3]
    ABImemcpy.o                 166
    ABImemset.o                 102
    cexit.o                      10
    cmain.o                      30
    cstartup_M.o                 12
    data_init.o                  40
    lz77_init_single.o          120
    zero_init3.o                 58
    -------------------------------------------------
    Total:                      538

shb_l.a: [4]
    exit.o                       20
    -------------------------------------------------
    Total:                       20

    Gaps                         20
    Linker created                        32    1'024
-----------------------------------------------------
    Grand Total:             17'618      416    6'470


*******************************************************************************
*** ENTRY LIST
***

Entry                       Address   Size  Type      Object
-----                       -------   ----  ----      ------
.iar.init_table$$Base    0x800'440c          --   Gb  - Linker created -
.iar.init_table$$Limit   0x800'442c          --   Gb  - Linker created -
?main                    0x800'442d         Code  Gb  cmain.o [3]
AHBPrescTable            0x800'44b0   0x10  Data  Gb  system_stm32f1xx.o [1]
BusFault_Handler         0x800'4343    0x2  Code  Gb  stm32f1xx_it.o [1]
CDC_Control_FS           0x800'406f   0x42  Code  Lc  usbd_cdc_if.o [1]
CDC_DeInit_FS            0x800'406b    0x4  Code  Lc  usbd_cdc_if.o [1]
CDC_Init_FS              0x800'4051   0x1a  Code  Lc  usbd_cdc_if.o [1]
CDC_Receive_FS           0x800'40b1   0x1a  Code  Lc  usbd_cdc_if.o [1]
CDC_Transmit_FS          0x800'40cb   0x34  Code  Gb  usbd_cdc_if.o [1]
CRC32                    0x800'3d61   0x30  Code  Gb  protocolVector.o [1]
CRC32{1}{2}::CrcTable    0x800'43a4   0x40  Data  Lc  protocolVector.o [1]
CSTACK$$Base            0x2000'1550          --   Gb  - Linker created -
CSTACK$$Limit           0x2000'1950          --   Gb  - Linker created -
DebugMon_Handler         0x800'4349    0x2  Code  Gb  stm32f1xx_it.o [1]
Error_Handler            0x800'2019    0x2  Code  Gb  main.o [1]
FS_Desc                 0x2000'0128   0x1c  Data  Gb  usbd_desc.o [1]
Get_SerialNum            0x800'41c1   0x2e  Code  Lc  usbd_desc.o [1]
HAL_CRC_Init             0x800'355d   0x24  Code  Gb  stm32f1xx_hal_crc.o [1]
HAL_CRC_MspInit          0x800'38ed   0x22  Code  Gb  stm32f1xx_hal_msp.o [1]
HAL_GPIO_Init            0x800'35d1  0x21e  Code  Gb  stm32f1xx_hal_gpio.o [1]
HAL_GPIO_TogglePin       0x800'3809   0x1a  Code  Gb  stm32f1xx_hal_gpio.o [1]
HAL_GPIO_WritePin        0x800'37ef   0x1a  Code  Gb  stm32f1xx_hal_gpio.o [1]
HAL_GetTick              0x800'3d55    0xc  Code  Wk  stm32f1xx_hal.o [1]
HAL_IncTick              0x800'438d   0x18  Code  Wk  stm32f1xx_hal.o [1]
HAL_Init                 0x800'297d   0x20  Code  Gb  stm32f1xx_hal.o [1]
HAL_InitTick             0x800'3865   0x4c  Code  Wk  stm32f1xx_hal.o [1]
HAL_MspInit              0x800'38b1   0x3c  Code  Gb  stm32f1xx_hal_msp.o [1]
HAL_NVIC_EnableIRQ       0x800'1a89    0xe  Code  Gb  stm32f1xx_hal_cortex.o [1]
HAL_NVIC_SetPriority     0x800'1a5f   0x2a  Code  Gb  stm32f1xx_hal_cortex.o [1]
HAL_NVIC_SetPriorityGrouping
                         0x800'1a53    0xc  Code  Gb  stm32f1xx_hal_cortex.o [1]
HAL_PCDEx_PMAConfig      0x800'201b   0x4c  Code  Gb  stm32f1xx_hal_pcd_ex.o [1]
HAL_PCDEx_SetConnectionState
                         0x800'1897    0x2  Code  Gb  usbd_conf.o [1]
HAL_PCD_DataInStageCallback
                         0x800'15d1   0x1e  Code  Gb  usbd_conf.o [1]
HAL_PCD_DataOutStageCallback
                         0x800'15b1   0x20  Code  Gb  usbd_conf.o [1]
HAL_PCD_EP_Close         0x800'0f71   0x62  Code  Gb  stm32f1xx_hal_pcd.o [1]
HAL_PCD_EP_ClrStall      0x800'1113   0x78  Code  Gb  stm32f1xx_hal_pcd.o [1]
HAL_PCD_EP_GetRxCount    0x800'1029   0x10  Code  Gb  stm32f1xx_hal_pcd.o [1]
HAL_PCD_EP_Open          0x800'0ed3   0x9e  Code  Gb  stm32f1xx_hal_pcd.o [1]
HAL_PCD_EP_Receive       0x800'0fd3   0x56  Code  Gb  stm32f1xx_hal_pcd.o [1]
HAL_PCD_EP_SetStall      0x800'108f   0x84  Code  Gb  stm32f1xx_hal_pcd.o [1]
HAL_PCD_EP_Transmit      0x800'1039   0x56  Code  Gb  stm32f1xx_hal_pcd.o [1]
HAL_PCD_IRQHandler       0x800'0d49  0x15a  Code  Gb  stm32f1xx_hal_pcd.o [1]
HAL_PCD_Init             0x800'0bb7  0x15e  Code  Gb  stm32f1xx_hal_pcd.o [1]
HAL_PCD_MspInit          0x800'1569   0x36  Code  Gb  usbd_conf.o [1]
HAL_PCD_ResetCallback    0x800'15fd   0x26  Code  Gb  usbd_conf.o [1]
HAL_PCD_ResumeCallback   0x800'1641    0xe  Code  Gb  usbd_conf.o [1]
HAL_PCD_SOFCallback      0x800'15ef    0xe  Code  Gb  usbd_conf.o [1]
HAL_PCD_SetAddress       0x800'0ea3   0x30  Code  Gb  stm32f1xx_hal_pcd.o [1]
HAL_PCD_SetupStageCallback
                         0x800'159f   0x12  Code  Gb  usbd_conf.o [1]
HAL_PCD_Start            0x800'0d15   0x34  Code  Gb  stm32f1xx_hal_pcd.o [1]
HAL_PCD_SuspendCallback
                         0x800'1623   0x1e  Code  Gb  usbd_conf.o [1]
HAL_RCCEx_PeriphCLKConfig
                         0x800'3431  0x118  Code  Gb  stm32f1xx_hal_rcc_ex.o [1]
HAL_RCC_ClockConfig      0x800'3209  0x14e  Code  Gb  stm32f1xx_hal_rcc.o [1]
HAL_RCC_GetSysClockFreq
                         0x800'3357   0x70  Code  Gb  stm32f1xx_hal_rcc.o [1]
HAL_RCC_OscConfig        0x800'2e09  0x400  Code  Gb  stm32f1xx_hal_rcc.o [1]
HAL_SYSTICK_Config       0x800'1a97    0xc  Code  Gb  stm32f1xx_hal_cortex.o [1]
HAL_TIMEx_BreakCallback
                         0x800'3d4d    0x2  Code  Wk  stm32f1xx_hal_tim_ex.o [1]
HAL_TIMEx_CommutCallback
                         0x800'3d51    0x2  Code  Wk  stm32f1xx_hal_tim_ex.o [1]
HAL_TIMEx_MasterConfigSynchronization
                         0x800'3581   0x4e  Code  Gb  stm32f1xx_hal_tim_ex.o [1]
HAL_TIM_Base_Init        0x800'29f9   0x38  Code  Gb  stm32f1xx_hal_tim.o [1]
HAL_TIM_Base_MspInit     0x800'390f   0x32  Code  Gb  stm32f1xx_hal_msp.o [1]
HAL_TIM_Base_Start_IT    0x800'2a31   0x2a  Code  Gb  stm32f1xx_hal_tim.o [1]
HAL_TIM_ConfigClockSource
                         0x800'2bd1   0xec  Code  Gb  stm32f1xx_hal_tim.o [1]
HAL_TIM_IRQHandler       0x800'2a5b  0x176  Code  Gb  stm32f1xx_hal_tim.o [1]
HardFault_Handler        0x800'433f    0x2  Code  Gb  stm32f1xx_it.o [1]
IntToUnicode             0x800'421d   0x4e  Code  Lc  usbd_desc.o [1]
MX_CRC_Init              0x800'1efd   0x16  Code  Lc  main.o [1]
MX_GPIO_Init             0x800'1f8f   0x74  Code  Lc  main.o [1]
MX_TIM2_Init             0x800'1f13   0x7c  Code  Lc  main.o [1]
MX_USB_DEVICE_Init       0x800'29a1   0x58  Code  Gb  usb_device.o [1]
MemManage_Handler        0x800'4341    0x2  Code  Gb  stm32f1xx_it.o [1]
NMI_Handler              0x800'433d    0x2  Code  Gb  stm32f1xx_it.o [1]
NVIC_EncodePriority      0x800'19e3   0x40  Code  Lc  stm32f1xx_hal_cortex.o [1]
PCD_EP_ISR_Handler       0x800'118b  0x3a4  Code  Lc  stm32f1xx_hal_pcd.o [1]
PendSV_Handler           0x800'434b    0x2  Code  Gb  stm32f1xx_it.o [1]
RCC_Delay                0x800'33c7   0x26  Code  Lc  stm32f1xx_hal_rcc.o [1]
Region$$Table$$Base      0x800'440c          --   Gb  - Linker created -
Region$$Table$$Limit     0x800'442c          --   Gb  - Linker created -
SVC_Handler              0x800'4347    0x2  Code  Gb  stm32f1xx_it.o [1]
SysTick_Config           0x800'1a23   0x30  Code  Lc  stm32f1xx_hal_cortex.o [1]
SysTick_Handler          0x800'434d    0x8  Code  Gb  stm32f1xx_it.o [1]
SystemClock_Config       0x800'1e67   0x96  Code  Gb  main.o [1]
SystemCoreClock         0x2000'0004    0x4  Data  Gb  system_stm32f1xx.o [1]
SystemInit               0x800'42e5   0x3e  Code  Gb  system_stm32f1xx.o [1]
TIM2_IRQHandler          0x800'435f   0x22  Code  Gb  stm32f1xx_it.o [1]
TIM_Base_SetConfig       0x800'2cbd   0x64  Code  Gb  stm32f1xx_hal_tim.o [1]
TIM_ETR_SetConfig        0x800'2d87   0x18  Code  Gb  stm32f1xx_hal_tim.o [1]
TIM_ITRx_SetConfig       0x800'2d77   0x10  Code  Lc  stm32f1xx_hal_tim.o [1]
TIM_TI1_ConfigInputStage
                         0x800'2d2d   0x24  Code  Lc  stm32f1xx_hal_tim.o [1]
TIM_TI2_ConfigInputStage
                         0x800'2d51   0x26  Code  Lc  stm32f1xx_hal_tim.o [1]
USBD_CDC                0x2000'0014   0x38  Data  Gb  usbd_cdc.o [1]
USBD_CDC_CfgFSDesc      0x2000'0090   0x44  Data  Gb  usbd_cdc.o [1]
USBD_CDC_CfgHSDesc      0x2000'004c   0x44  Data  Gb  usbd_cdc.o [1]
USBD_CDC_DataIn          0x800'3b6f   0x74  Code  Lc  usbd_cdc.o [1]
USBD_CDC_DataOut         0x800'3be3   0x38  Code  Lc  usbd_cdc.o [1]
USBD_CDC_DeInit          0x800'3a1d   0x52  Code  Lc  usbd_cdc.o [1]
USBD_CDC_DeviceQualifierDesc
                        0x2000'0008    0xc  Data  Lc  usbd_cdc.o [1]
USBD_CDC_EP0_RxReady     0x800'3c1b   0x36  Code  Lc  usbd_cdc.o [1]
USBD_CDC_GetDeviceQualifierDescriptor
                         0x800'3c6f    0xa  Code  Gb  usbd_cdc.o [1]
USBD_CDC_GetFSCfgDesc    0x800'3c51    0xa  Code  Lc  usbd_cdc.o [1]
USBD_CDC_GetHSCfgDesc    0x800'3c5b    0xa  Code  Lc  usbd_cdc.o [1]
USBD_CDC_GetOtherSpeedCfgDesc
                         0x800'3c65    0xa  Code  Lc  usbd_cdc.o [1]
USBD_CDC_Init            0x800'3955   0xc8  Code  Lc  usbd_cdc.o [1]
USBD_CDC_OtherSpeedCfgDesc
                        0x2000'00d4   0x44  Data  Gb  usbd_cdc.o [1]
USBD_CDC_ReceivePacket   0x800'3d07   0x3e  Code  Gb  usbd_cdc.o [1]
USBD_CDC_RegisterInterface
                         0x800'3c89   0x14  Code  Gb  usbd_cdc.o [1]
USBD_CDC_SetRxBuffer     0x800'3cb7    0xe  Code  Gb  usbd_cdc.o [1]
USBD_CDC_SetTxBuffer     0x800'3c9d   0x1a  Code  Gb  usbd_cdc.o [1]
USBD_CDC_Setup           0x800'3a6f  0x100  Code  Lc  usbd_cdc.o [1]
USBD_CDC_TransmitPacket
                         0x800'3cc5   0x42  Code  Gb  usbd_cdc.o [1]
USBD_ClrClassConfig      0x800'1b53   0x18  Code  Gb  usbd_core.o [1]
USBD_ClrFeature          0x800'27e9   0x2e  Code  Lc  usbd_ctlreq.o [1]
USBD_CtlContinueRx       0x800'292f   0x1a  Code  Gb  usbd_ioreq.o [1]
USBD_CtlContinueSendData
                         0x800'28e5   0x1a  Code  Gb  usbd_ioreq.o [1]
USBD_CtlError            0x800'283f   0x18  Code  Gb  usbd_ctlreq.o [1]
USBD_CtlPrepareRx        0x800'28ff   0x30  Code  Gb  usbd_ioreq.o [1]
USBD_CtlReceiveStatus    0x800'2963   0x1a  Code  Gb  usbd_ioreq.o [1]
USBD_CtlSendData         0x800'28b9   0x2c  Code  Gb  usbd_ioreq.o [1]
USBD_CtlSendStatus       0x800'2949   0x1a  Code  Gb  usbd_ioreq.o [1]
USBD_FS_ConfigStrDescriptor
                         0x800'4171   0x28  Code  Gb  usbd_desc.o [1]
USBD_FS_DeviceDesc      0x2000'0144   0x14  Data  Gb  usbd_desc.o [1]
USBD_FS_DeviceDescriptor
                         0x800'410d    0xa  Code  Gb  usbd_desc.o [1]
USBD_FS_InterfaceStrDescriptor
                         0x800'4199   0x28  Code  Gb  usbd_desc.o [1]
USBD_FS_LangIDStrDescriptor
                         0x800'4117    0xa  Code  Gb  usbd_desc.o [1]
USBD_FS_ManufacturerStrDescriptor
                         0x800'4149   0x16  Code  Gb  usbd_desc.o [1]
USBD_FS_ProductStrDescriptor
                         0x800'4121   0x28  Code  Gb  usbd_desc.o [1]
USBD_FS_SerialStrDescriptor
                         0x800'415f   0x12  Code  Gb  usbd_desc.o [1]
USBD_GetConfig           0x800'2735   0x4e  Code  Lc  usbd_ctlreq.o [1]
USBD_GetDescriptor       0x800'23f9  0x202  Code  Lc  usbd_ctlreq.o [1]
USBD_GetLen              0x800'28a5   0x14  Code  Lc  usbd_ctlreq.o [1]
USBD_GetStatus           0x800'2783   0x4c  Code  Lc  usbd_ctlreq.o [1]
USBD_GetString           0x800'2857   0x4e  Code  Gb  usbd_ctlreq.o [1]
USBD_Get_USB_Status      0x800'1899   0x2e  Code  Lc  usbd_conf.o [1]
USBD_Init                0x800'1ac5   0x38  Code  Gb  usbd_core.o [1]
USBD_Interface_fops_FS  0x2000'0118   0x10  Data  Gb  usbd_cdc_if.o [1]
USBD_LL_ClearStallEP     0x800'1779   0x2a  Code  Gb  usbd_conf.o [1]
USBD_LL_CloseEP          0x800'1725   0x2a  Code  Gb  usbd_conf.o [1]
USBD_LL_DataInStage      0x800'1c81  0x10c  Code  Gb  usbd_core.o [1]
USBD_LL_DataOutStage     0x800'1bd3   0xae  Code  Gb  usbd_core.o [1]
USBD_LL_GetRxDataSize    0x800'1867   0x14  Code  Gb  usbd_conf.o [1]
USBD_LL_Init             0x800'164f   0x80  Code  Gb  usbd_conf.o [1]
USBD_LL_IsStallEP        0x800'17a3   0x2e  Code  Gb  usbd_conf.o [1]
USBD_LL_OpenEP           0x800'16ed   0x38  Code  Gb  usbd_conf.o [1]
USBD_LL_PrepareReceive   0x800'1831   0x36  Code  Gb  usbd_conf.o [1]
USBD_LL_Reset            0x800'1d8d   0x60  Code  Gb  usbd_core.o [1]
USBD_LL_Resume           0x800'1e09   0x16  Code  Gb  usbd_core.o [1]
USBD_LL_SOF              0x800'1e1f   0x24  Code  Gb  usbd_core.o [1]
USBD_LL_SetSpeed         0x800'1ded    0x8  Code  Gb  usbd_core.o [1]
USBD_LL_SetUSBAddress    0x800'17d1   0x2a  Code  Gb  usbd_conf.o [1]
USBD_LL_SetupStage       0x800'1b6b   0x68  Code  Gb  usbd_core.o [1]
USBD_LL_StallEP          0x800'174f   0x2a  Code  Gb  usbd_conf.o [1]
USBD_LL_Start            0x800'16cf   0x1e  Code  Gb  usbd_conf.o [1]
USBD_LL_Suspend          0x800'1df5   0x14  Code  Gb  usbd_core.o [1]
USBD_LL_Transmit         0x800'17fb   0x36  Code  Gb  usbd_conf.o [1]
USBD_LangIDDesc         0x2000'0158    0x4  Data  Gb  usbd_desc.o [1]
USBD_ParseSetupRequest   0x800'2817   0x28  Code  Gb  usbd_ctlreq.o [1]
USBD_RegisterClass       0x800'1afd   0x16  Code  Gb  usbd_core.o [1]
USBD_RunTestMode         0x800'1b21    0x6  Code  Gb  usbd_core.o [1]
USBD_SetAddress          0x800'25fb   0x68  Code  Lc  usbd_ctlreq.o [1]
USBD_SetClassConfig      0x800'1b27   0x2c  Code  Gb  usbd_core.o [1]
USBD_SetConfig           0x800'2663   0xce  Code  Lc  usbd_ctlreq.o [1]
USBD_SetConfig::cfgidx  0x2000'1548    0x1  Data  Lc  usbd_ctlreq.o [1]
USBD_SetFeature          0x800'27cf   0x1a  Code  Lc  usbd_ctlreq.o [1]
USBD_Start               0x800'1b13    0xe  Code  Gb  usbd_core.o [1]
USBD_StdDevReq           0x800'2069   0xa6  Code  Gb  usbd_ctlreq.o [1]
USBD_StdEPReq            0x800'217d  0x27c  Code  Gb  usbd_ctlreq.o [1]
USBD_StdItfReq           0x800'210f   0x6e  Code  Gb  usbd_ctlreq.o [1]
USBD_StrDesc            0x2000'10a4  0x200  Data  Gb  usbd_desc.o [1]
USBD_StringSerial       0x2000'015c   0x1c  Data  Gb  usbd_desc.o [1]
USBD_static_free         0x800'1895    0x2  Code  Gb  usbd_conf.o [1]
USBD_static_malloc       0x800'187b    0x6  Code  Gb  usbd_conf.o [1]
USBD_static_malloc::mem
                        0x2000'0e84  0x220  Data  Lc  usbd_conf.o [1]
USB_ActivateEndpoint     0x800'0151  0x362  Code  Gb  stm32f1xx_ll_usb.o [1]
USB_CoreInit             0x800'00ed    0xa  Code  Gb  stm32f1xx_ll_usb.o [1]
USB_DeactivateEndpoint   0x800'04b3  0x1ba  Code  Gb  stm32f1xx_ll_usb.o [1]
USB_DevConnect           0x800'0ae7    0x6  Code  Gb  stm32f1xx_ll_usb.o [1]
USB_DevDisconnect        0x800'0aed    0x6  Code  Gb  stm32f1xx_ll_usb.o [1]
USB_DevInit              0x800'0125   0x2c  Code  Gb  stm32f1xx_ll_usb.o [1]
USB_DisableGlobalInt     0x800'010b   0x14  Code  Gb  stm32f1xx_ll_usb.o [1]
USB_EP0_OutStart         0x800'0afb    0x6  Code  Gb  stm32f1xx_ll_usb.o [1]
USB_EPClearStall         0x800'0a2d   0xa6  Code  Gb  stm32f1xx_ll_usb.o [1]
USB_EPSetStall           0x800'09e3   0x4a  Code  Gb  stm32f1xx_ll_usb.o [1]
USB_EPStartXfer          0x800'066d  0x376  Code  Gb  stm32f1xx_ll_usb.o [1]
USB_EnableGlobalInt      0x800'00f7   0x14  Code  Gb  stm32f1xx_ll_usb.o [1]
USB_LP_CAN1_RX0_IRQHandler
                         0x800'4355    0xa  Code  Gb  stm32f1xx_it.o [1]
USB_ReadInterrupts       0x800'0af3    0x8  Code  Gb  stm32f1xx_ll_usb.o [1]
USB_ReadPMA              0x800'0b59   0x5e  Code  Gb  stm32f1xx_ll_usb.o [1]
USB_SetCurrentMode       0x800'011f    0x6  Code  Gb  stm32f1xx_ll_usb.o [1]
USB_SetDevAddress        0x800'0ad3   0x14  Code  Gb  stm32f1xx_ll_usb.o [1]
USB_WritePMA             0x800'0b01   0x58  Code  Gb  stm32f1xx_ll_usb.o [1]
UsageFault_Handler       0x800'4345    0x2  Code  Gb  stm32f1xx_it.o [1]
UserRxBufferFS          0x2000'0184  0x3e8  Data  Gb  usbd_cdc_if.o [1]
UserTxBufferFS          0x2000'056c  0x3e8  Data  Gb  usbd_cdc_if.o [1]
_Rand_idx               0x2000'1414    0x4  Data  Lc  rand.o [2]
_Rand_rv                0x2000'1394   0x80  Data  Lc  rand.o [2]
_Randinit               0x2000'0178    0x1  Data  Gb  rand.o [2]
_Randseed               0x2000'017c    0x4  Data  Gb  rand.o [2]
__NVIC_EnableIRQ         0x800'1999   0x1e  Code  Lc  stm32f1xx_hal_cortex.o [1]
__NVIC_GetPriorityGrouping
                         0x800'198f    0xa  Code  Lc  stm32f1xx_hal_cortex.o [1]
__NVIC_SetPriority       0x800'19b7   0x2c  Code  Lc  stm32f1xx_hal_cortex.o [1]
__NVIC_SetPriorityGrouping
                         0x800'1971   0x1e  Code  Lc  stm32f1xx_hal_cortex.o [1]
__aeabi_memcpy           0x800'18c9         Code  Gb  ABImemcpy.o [3]
__aeabi_memcpy4          0x800'18e9         Code  Gb  ABImemcpy.o [3]
__aeabi_memcpy8          0x800'18e9         Code  Gb  ABImemcpy.o [3]
__aeabi_memset           0x800'2da1         Code  Gb  ABImemset.o [3]
__cmain                  0x800'442d         Code  Gb  cmain.o [3]
__exit                   0x800'4461   0x14  Code  Gb  exit.o [4]
__iar_Memset             0x800'2da1         Code  Gb  ABImemset.o [3]
__iar_Memset_word        0x800'2da9         Code  Gb  ABImemset.o [3]
__iar_data_init3         0x800'43e5   0x28  Code  Gb  data_init.o [3]
__iar_lz77_init_single3
                         0x800'426b   0x78  Code  Gb  lz77_init_single.o [3]
__iar_program_start      0x800'44ed         Code  Gb  cstartup_M.o [3]
__iar_zero_init3         0x800'152f   0x3a  Code  Gb  zero_init3.o [3]
__low_level_init         0x800'444b    0x4  Code  Gb  low_level_init.o [2]
__vector_table           0x800'0000         Data  Gb  startup_stm32f103xb.o [1]
_call_main               0x800'4439         Code  Gb  cmain.o [3]
_exit                    0x800'4455         Code  Gb  cexit.o [3]
_main                    0x800'4447         Code  Gb  cmain.o [3]
exit                     0x800'444f    0x4  Code  Gb  exit.o [2]
generateData             0x800'3d91   0x58  Code  Gb  protocolVector.o [1]
generateData::a         0x2000'1540    0x4  Data  Lc  protocolVector.o [1]
hUsbDeviceFS            0x2000'0954  0x2c4  Data  Gb  usb_device.o [1]
hcrc                    0x2000'1538    0x8  Data  Gb  main.o [1]
hpcd_USB_FS             0x2000'0c18  0x26c  Data  Gb  usbd_conf.o [1]
htim2                   0x2000'14f8   0x40  Data  Gb  main.o [1]
main                     0x800'1e45   0x22  Code  Gb  main.o [1]
outBuf                  0x2000'1490   0x68  Data  Gb  protocolVector.o [1]
packet                  0x2000'1418   0x78  Data  Gb  protocolVector.o [1]
param                   0x2000'12a4   0xf0  Data  Gb  protocolVector.o [1]
rand                     0x800'3fa1   0x94  Code  Gb  rand.o [2]
sendBufer                0x800'3de9  0x1a4  Code  Gb  protocolVector.o [1]
srand                    0x800'4035    0xa  Code  Gb  rand.o [2]
uwTick                  0x2000'1544    0x4  Data  Gb  stm32f1xx_hal.o [1]
uwTickFreq              0x2000'0180    0x1  Data  Gb  stm32f1xx_hal.o [1]
uwTickPrio              0x2000'0000    0x4  Data  Gb  stm32f1xx_hal.o [1]


[1] = D:\PROJECTS_IAR\TestVector\EWARM\TestVector\Obj
[2] = dl7M_tlf.a
[3] = rt7M_tl.a
[4] = shb_l.a

  17'618 bytes of readonly  code memory
     416 bytes of readonly  data memory
   6'470 bytes of readwrite data memory

Errors: none
Warnings: none
